// Jest Snapshot v1, https://goo.gl/fbAQLP

exports[`FlowTab shows error block when error 1`] = `
<div class="beta-box mb-md">
  <div id="utility-block" class="utility-block-undefined" style="height: 350px;">
    <!---->
    <div>
      <!---->
    </div>
  </div>
</div>
`;

exports[`FlowTab shows loading block when loading 1`] = `
<div class="beta-box mb-md">
  <div id="utility-block" class="utility-block-undefined" style="height: 350px;">
    <!---->
    <div>
      <!---->
    </div>
  </div>
</div>
`;
